PHPUnit 10.5.63 by Sebastian Bergmann and contributors.

Runtime:       PHP 8.2.12
Configuration: C:\xampp\htdocs\OJT2\backend\phpunit.xml.dist

...           3 / 3 (100%)

Time: 00:00.028, Memory: 12.00 MB

There was 1 PHPUnit test runner warning:

1) No code coverage driver available

OK, but there were issues!
Tests: 3, Assertions: 3, PHPUnit Warnings: 1.
